// Jest Snapshot v1, https://goo.gl/fbAQLP

exports[`webpack5ChangesUtils should get project name and storybook configuration for all react projects 1`] = `
[
  {
    "projectName": "test-one",
    "storybookConfigPath": "libs/test-one/.storybook",
  },
  {
    "projectName": "test-two",
    "storybookConfigPath": "libs/test-two/.storybook",
  },
]
`;
