// Jest Snapshot v1, https://goo.gl/fbAQLP

exports[`Change the Storybook targets for Angular projects to use native Storybooke executor for all types of angular projects - non-buildable and buildable libs/apps should keep any extra options added in the target 1`] = `
{
  "affected": {
    "defaultBase": "main",
  },
  "npmScope": "proj",
  "tasksRunnerOptions": {
    "default": {
      "options": {
        "cacheableOperations": [
          "build",
          "lint",
          "test",
          "e2e",
        ],
      },
      "runner": "nx/tasks-runners/default",
    },
  },
}
`;

exports[`Change the Storybook targets for Angular projects to use native Storybooke executor for all types of angular projects - non-buildable and buildable libs/apps should not throw an error if no Storybook exists 1`] = `
{
  "affected": {
    "defaultBase": "main",
  },
  "npmScope": "proj",
  "tasksRunnerOptions": {
    "default": {
      "options": {
        "cacheableOperations": [
          "build",
          "lint",
          "test",
          "e2e",
        ],
      },
      "runner": "nx/tasks-runners/default",
    },
  },
}
`;

exports[`Change the Storybook targets for Angular projects to use native Storybooke executor for all types of angular projects - non-buildable and buildable libs/apps should set the browserTarget correctly even if target names are not the default 1`] = `
{
  "affected": {
    "defaultBase": "main",
  },
  "npmScope": "proj",
  "tasksRunnerOptions": {
    "default": {
      "options": {
        "cacheableOperations": [
          "build",
          "lint",
          "test",
          "e2e",
        ],
      },
      "runner": "nx/tasks-runners/default",
    },
  },
}
`;

exports[`Change the Storybook targets for Angular projects to use native Storybooke executor for all types of angular projects - non-buildable and buildable libs/apps should set the browserTarget correctly in the Storybook config according to the type of project 1`] = `
{
  "affected": {
    "defaultBase": "main",
  },
  "npmScope": "proj",
  "tasksRunnerOptions": {
    "default": {
      "options": {
        "cacheableOperations": [
          "build",
          "lint",
          "test",
          "e2e",
        ],
      },
      "runner": "nx/tasks-runners/default",
    },
  },
}
`;

exports[`Change the Storybook targets for Angular projects to use native Storybooke executor for all types of angular projects - non-buildable and buildable libs/apps should work even if build-storybook does not exist 1`] = `
{
  "affected": {
    "defaultBase": "main",
  },
  "npmScope": "proj",
  "tasksRunnerOptions": {
    "default": {
      "options": {
        "cacheableOperations": [
          "build",
          "lint",
          "test",
          "e2e",
        ],
      },
      "runner": "nx/tasks-runners/default",
    },
  },
}
`;

exports[`Change the Storybook targets for Angular projects to use native Storybooke executor for non-angular projects should not change their Storybook targets 1`] = `
{
  "affected": {
    "defaultBase": "main",
  },
  "npmScope": "proj",
  "tasksRunnerOptions": {
    "default": {
      "options": {
        "cacheableOperations": [
          "build",
          "lint",
          "test",
          "e2e",
        ],
      },
      "runner": "nx/tasks-runners/default",
    },
  },
}
`;
