// Jest Snapshot v1, https://goo.gl/fbAQLP

exports[`convert-tslint-to-eslint should work for Cypress applications 1`] = `
{
  "dependencies": {},
  "devDependencies": {
    "@nx/eslint-plugin": "0.0.1",
    "@nx/linter": "0.0.1",
    "@typescript-eslint/eslint-plugin": "^5.58.0",
    "@typescript-eslint/parser": "^5.58.0",
    "eslint": "~8.15.0",
    "eslint-config-prettier": "8.1.0",
    "eslint-plugin-cypress": "^2.10.3",
    "eslint-plugin-import": "latest",
  },
  "name": "test-name",
}
`;

exports[`convert-tslint-to-eslint should work for Cypress applications 2`] = `
{
  "$schema": "../../node_modules/nx/schemas/project-schema.json",
  "name": "e2e-app-1",
  "projectType": "application",
  "root": "apps/e2e-app-1",
  "targets": {
    "lint": {
      "executor": "@nx/linter:eslint",
      "options": {
        "lintFilePatterns": [
          "apps/e2e-app-1/**/*.{js,ts}",
        ],
      },
      "outputs": [
        "{options.outputFile}",
      ],
    },
  },
}
`;

exports[`convert-tslint-to-eslint should work for Cypress applications 3`] = `
{
  "ignorePatterns": [
    "**/*",
  ],
  "overrides": [
    {
      "files": [
        "*.ts",
        "*.tsx",
        "*.js",
        "*.jsx",
      ],
      "rules": {
        "@nx/enforce-module-boundaries": [
          "error",
          {
            "allow": [
              "@nx-example/shared/product/data/testing",
            ],
            "depConstraints": [
              {
                "onlyDependOnLibsWithTags": [
                  "type:feature",
                  "type:ui",
                ],
                "sourceTag": "type:app",
              },
              {
                "onlyDependOnLibsWithTags": [
                  "type:ui",
                  "type:data",
                  "type:types",
                  "type:state",
                ],
                "sourceTag": "type:feature",
              },
              {
                "onlyDependOnLibsWithTags": [
                  "type:types",
                ],
                "sourceTag": "type:types",
              },
              {
                "onlyDependOnLibsWithTags": [
                  "type:state",
                  "type:types",
                  "type:data",
                ],
                "sourceTag": "type:state",
              },
              {
                "onlyDependOnLibsWithTags": [
                  "type:types",
                ],
                "sourceTag": "type:data",
              },
              {
                "onlyDependOnLibsWithTags": [
                  "type:e2e-utils",
                ],
                "sourceTag": "type:e2e",
              },
              {
                "onlyDependOnLibsWithTags": [
                  "type:types",
                  "type:ui",
                ],
                "sourceTag": "type:ui",
              },
              {
                "onlyDependOnLibsWithTags": [
                  "scope:products",
                  "scope:shared",
                ],
                "sourceTag": "scope:products",
              },
              {
                "onlyDependOnLibsWithTags": [
                  "scope:cart",
                  "scope:shared",
                ],
                "sourceTag": "scope:cart",
              },
            ],
            "enforceBuildableLibDependency": true,
          },
        ],
      },
    },
    {
      "extends": [
        "plugin:@nx/typescript",
      ],
      "files": [
        "*.ts",
        "*.tsx",
      ],
      "rules": {},
    },
    {
      "extends": [
        "plugin:@nx/javascript",
      ],
      "files": [
        "*.js",
        "*.jsx",
      ],
      "rules": {},
    },
    {
      "files": [
        "*.ts",
      ],
      "plugins": [
        "eslint-plugin-import",
        "@typescript-eslint",
      ],
      "root": true,
      "rules": {
        "@typescript-eslint/consistent-type-definitions": "error",
        "@typescript-eslint/dot-notation": "off",
        "@typescript-eslint/explicit-member-accessibility": [
          "off",
          {
            "accessibility": "explicit",
          },
        ],
        "@typescript-eslint/member-ordering": "error",
        "@typescript-eslint/naming-convention": [
          "error",
          {
            "format": [
              "camelCase",
              "UPPER_CASE",
            ],
            "leadingUnderscore": "forbid",
            "selector": "variable",
            "trailingUnderscore": "forbid",
          },
        ],
        "@typescript-eslint/no-empty-function": "off",
        "@typescript-eslint/no-empty-interface": "error",
        "@typescript-eslint/no-inferrable-types": [
          "error",
          {
            "ignoreParameters": true,
          },
        ],
        "@typescript-eslint/no-misused-new": "error",
        "@typescript-eslint/no-non-null-assertion": "error",
        "@typescript-eslint/no-shadow": [
          "error",
          {
            "hoist": "all",
          },
        ],
        "@typescript-eslint/no-unused-expressions": "error",
        "@typescript-eslint/prefer-function-type": "error",
        "@typescript-eslint/unified-signatures": "error",
        "arrow-body-style": "error",
        "constructor-super": "error",
        "dot-notation": "off",
        "eqeqeq": [
          "error",
          "smart",
        ],
        "guard-for-in": "error",
        "id-denylist": "off",
        "id-match": "off",
        "import/no-deprecated": "warn",
        "no-bitwise": "error",
        "no-caller": "error",
        "no-console": [
          "error",
          {},
        ],
        "no-debugger": "error",
        "no-empty": "off",
        "no-empty-function": "off",
        "no-eval": "error",
        "no-fallthrough": "error",
        "no-new-wrappers": "error",
        "no-restricted-imports": [
          "error",
          "rxjs/Rx",
        ],
        "no-shadow": "off",
        "no-throw-literal": "error",
        "no-undef-init": "error",
        "no-underscore-dangle": "off",
        "no-unused-expressions": "off",
        "no-var": "error",
        "prefer-const": "error",
        "radix": "error",
      },
    },
  ],
  "plugins": [
    "@nx",
  ],
  "root": true,
}
`;

exports[`convert-tslint-to-eslint should work for Cypress applications 4`] = `
{
  "extends": [
    "plugin:cypress/recommended",
    "../../.eslintrc.json",
  ],
  "ignorePatterns": [
    "!**/*",
  ],
  "overrides": [
    {
      "files": [
        "*.ts",
        "*.tsx",
        "*.js",
        "*.jsx",
      ],
      "rules": {},
    },
  ],
  "plugins": [
    "@typescript-eslint",
  ],
  "rules": {
    "@typescript-eslint/no-empty-interface": "error",
  },
}
`;
